Testing basic virtual dataset I/O via H5Pset_vds_prefix(): all selection with ENV prefix
Testing virtual dataset with file version bounds: (earliest, v110):
Config: same source file
Testing basic virtual dataset I/O via H5Pset_vds_prefix(): all selection with ENV prefix PASSED
Config: closed source dataset, same source file
Testing basic virtual dataset I/O via H5Pset_vds_prefix(): all selection with ENV prefix PASSED
Config: different source file
Testing basic virtual dataset I/O via H5Pset_vds_prefix(): all selection with ENV prefix PASSED
Config: closed source dataset, different source file
Testing basic virtual dataset I/O via H5Pset_vds_prefix(): all selection with ENV prefix PASSED
Config: same source file, reopen virtual file
Testing basic virtual dataset I/O via H5Pset_vds_prefix(): all selection with ENV prefix PASSED
Config: closed source dataset, same source file, reopen virtual file
Testing basic virtual dataset I/O via H5Pset_vds_prefix(): all selection with ENV prefix PASSED
Config: different source file, reopen virtual file
Testing basic virtual dataset I/O via H5Pset_vds_prefix(): all selection with ENV prefix PASSED
Config: closed source dataset, different source file, reopen virtual file
Testing basic virtual dataset I/O via H5Pset_vds_prefix(): all selection with ENV prefix PASSED
Testing virtual dataset with file version bounds: (earliest, latest):
Config: same source file
Testing basic virtual dataset I/O via H5Pset_vds_prefix(): all selection with ENV prefix PASSED
Config: closed source dataset, same source file
Testing basic virtual dataset I/O via H5Pset_vds_prefix(): all selection with ENV prefix PASSED
Config: different source file
Testing basic virtual dataset I/O via H5Pset_vds_prefix(): all selection with ENV prefix PASSED
Config: closed source dataset, different source file
Testing basic virtual dataset I/O via H5Pset_vds_prefix(): all selection with ENV prefix PASSED
Config: same source file, reopen virtual file
Testing basic virtual dataset I/O via H5Pset_vds_prefix(): all selection with ENV prefix PASSED
Config: closed source dataset, same source file, reopen virtual file
Testing basic virtual dataset I/O via H5Pset_vds_prefix(): all selection with ENV prefix PASSED
Config: different source file, reopen virtual file
Testing basic virtual dataset I/O via H5Pset_vds_prefix(): all selection with ENV prefix PASSED
Config: closed source dataset, different source file, reopen virtual file
Testing basic virtual dataset I/O via H5Pset_vds_prefix(): all selection with ENV prefix PASSED
Testing virtual dataset with file version bounds: (v18, v110):
Config: same source file
Testing basic virtual dataset I/O via H5Pset_vds_prefix(): all selection with ENV prefix PASSED
Config: closed source dataset, same source file
Testing basic virtual dataset I/O via H5Pset_vds_prefix(): all selection with ENV prefix PASSED
Config: different source file
Testing basic virtual dataset I/O via H5Pset_vds_prefix(): all selection with ENV prefix PASSED
Config: closed source dataset, different source file
Testing basic virtual dataset I/O via H5Pset_vds_prefix(): all selection with ENV prefix PASSED
Config: same source file, reopen virtual file
Testing basic virtual dataset I/O via H5Pset_vds_prefix(): all selection with ENV prefix PASSED
Config: closed source dataset, same source file, reopen virtual file
Testing basic virtual dataset I/O via H5Pset_vds_prefix(): all selection with ENV prefix PASSED
Config: different source file, reopen virtual file
Testing basic virtual dataset I/O via H5Pset_vds_prefix(): all selection with ENV prefix PASSED
Config: closed source dataset, different source file, reopen virtual file
Testing basic virtual dataset I/O via H5Pset_vds_prefix(): all selection with ENV prefix PASSED
Testing virtual dataset with file version bounds: (v18, latest):
Config: same source file
Testing basic virtual dataset I/O via H5Pset_vds_prefix(): all selection with ENV prefix PASSED
Config: closed source dataset, same source file
Testing basic virtual dataset I/O via H5Pset_vds_prefix(): all selection with ENV prefix PASSED
Config: different source file
Testing basic virtual dataset I/O via H5Pset_vds_prefix(): all selection with ENV prefix PASSED
Config: closed source dataset, different source file
Testing basic virtual dataset I/O via H5Pset_vds_prefix(): all selection with ENV prefix PASSED
Config: same source file, reopen virtual file
Testing basic virtual dataset I/O via H5Pset_vds_prefix(): all selection with ENV prefix PASSED
Config: closed source dataset, same source file, reopen virtual file
Testing basic virtual dataset I/O via H5Pset_vds_prefix(): all selection with ENV prefix PASSED
Config: different source file, reopen virtual file
Testing basic virtual dataset I/O via H5Pset_vds_prefix(): all selection with ENV prefix PASSED
Config: closed source dataset, different source file, reopen virtual file
Testing basic virtual dataset I/O via H5Pset_vds_prefix(): all selection with ENV prefix PASSED
Testing virtual dataset with file version bounds: (v110, v110):
Config: same source file
Testing basic virtual dataset I/O via H5Pset_vds_prefix(): all selection with ENV prefix PASSED
Config: closed source dataset, same source file
Testing basic virtual dataset I/O via H5Pset_vds_prefix(): all selection with ENV prefix PASSED
Config: different source file
Testing basic virtual dataset I/O via H5Pset_vds_prefix(): all selection with ENV prefix PASSED
Config: closed source dataset, different source file
Testing basic virtual dataset I/O via H5Pset_vds_prefix(): all selection with ENV prefix PASSED
Config: same source file, reopen virtual file
Testing basic virtual dataset I/O via H5Pset_vds_prefix(): all selection with ENV prefix PASSED
Config: closed source dataset, same source file, reopen virtual file
Testing basic virtual dataset I/O via H5Pset_vds_prefix(): all selection with ENV prefix PASSED
Config: different source file, reopen virtual file
Testing basic virtual dataset I/O via H5Pset_vds_prefix(): all selection with ENV prefix PASSED
Config: closed source dataset, different source file, reopen virtual file
Testing basic virtual dataset I/O via H5Pset_vds_prefix(): all selection with ENV prefix PASSED
Testing virtual dataset with file version bounds: (v110, latest):
Config: same source file
Testing basic virtual dataset I/O via H5Pset_vds_prefix(): all selection with ENV prefix PASSED
Config: closed source dataset, same source file
Testing basic virtual dataset I/O via H5Pset_vds_prefix(): all selection with ENV prefix PASSED
Config: different source file
Testing basic virtual dataset I/O via H5Pset_vds_prefix(): all selection with ENV prefix PASSED
Config: closed source dataset, different source file
Testing basic virtual dataset I/O via H5Pset_vds_prefix(): all selection with ENV prefix PASSED
Config: same source file, reopen virtual file
Testing basic virtual dataset I/O via H5Pset_vds_prefix(): all selection with ENV prefix PASSED
Config: closed source dataset, same source file, reopen virtual file
Testing basic virtual dataset I/O via H5Pset_vds_prefix(): all selection with ENV prefix PASSED
Config: different source file, reopen virtual file
Testing basic virtual dataset I/O via H5Pset_vds_prefix(): all selection with ENV prefix PASSED
Config: closed source dataset, different source file, reopen virtual file
Testing basic virtual dataset I/O via H5Pset_vds_prefix(): all selection with ENV prefix PASSED
Testing virtual dataset with file version bounds: (latest, latest):
Config: same source file
Testing basic virtual dataset I/O via H5Pset_vds_prefix(): all selection with ENV prefix PASSED
Config: closed source dataset, same source file
Testing basic virtual dataset I/O via H5Pset_vds_prefix(): all selection with ENV prefix PASSED
Config: different source file
Testing basic virtual dataset I/O via H5Pset_vds_prefix(): all selection with ENV prefix PASSED
Config: closed source dataset, different source file
Testing basic virtual dataset I/O via H5Pset_vds_prefix(): all selection with ENV prefix PASSED
Config: same source file, reopen virtual file
Testing basic virtual dataset I/O via H5Pset_vds_prefix(): all selection with ENV prefix PASSED
Config: closed source dataset, same source file, reopen virtual file
Testing basic virtual dataset I/O via H5Pset_vds_prefix(): all selection with ENV prefix PASSED
Config: different source file, reopen virtual file
Testing basic virtual dataset I/O via H5Pset_vds_prefix(): all selection with ENV prefix PASSED
Config: closed source dataset, different source file, reopen virtual file
Testing basic virtual dataset I/O via H5Pset_vds_prefix(): all selection with ENV prefix PASSED
All virtual dataset tests passed.
Test prefix for HDF5_VDS_PREFIX PASSED
